V3 7
FL /home/Luca/ISE/IEEE754Adder/SpecialCasesCheck.vhd 2019/08/17.18:43:39 P.20131013
EN work/SpecialCasesCheck 1566060235 \
      FL /home/Luca/ISE/IEEE754Adder/SpecialCasesCheck.vhd PB ieee/std_logic_1164 1381692176
AR work/SpecialCasesCheck/SpecialCasesCheckArch 1566060236 \
      FL /home/Luca/ISE/IEEE754Adder/SpecialCasesCheck.vhd \
      EN work/SpecialCasesCheck 1566060235 CP TypeCheck
FL /home/Luca/ISE/IEEE754Adder/TypeCheck.vhd 2019/08/17.18:42:06 P.20131013
EN work/TypeCheck 1566060233 FL /home/Luca/ISE/IEEE754Adder/TypeCheck.vhd \
      PB ieee/std_logic_1164 1381692176
AR work/TypeCheck/TypeCheckArch 1566060234 \
      FL /home/Luca/ISE/IEEE754Adder/TypeCheck.vhd EN work/TypeCheck 1566060233
